// Jest Snapshot v1, https://goo.gl/fbAQLP

exports[`Test in <Search /> Should be displayed correctly with default values 1`] = `
<div>
  <h1>
    Search
  </h1>
  <hr />
  <div
    class="row"
  >
    <div
      class="col-5"
    >
      <h4>
        Searching
      </h4>
      <hr />
      <form
        aria-label="form"
      >
        <input
          autocomplete="off"
          class="form-control"
          name="searchText"
          placeholder="Search a hero"
          type="text"
          value=""
        />
        <div
          class="text-end"
        >
          <button
            class="text-center mt-2 btn btn-info"
            type="submit"
          >
            Search
          </button>
        </div>
      </form>
    </div>
    <div
      class="col-7"
    >
      <h4>
        Results
      </h4>
      <hr />
      <div
        class="fade alert alert-primary animate__animated animate__fadeIn alert alert-primary show"
        role="alert"
      >
        Search a hero
      </div>
      <div
        aria-label="alert-danger"
        class="fade alert alert-primary animate__animated animate__fadeIn alert alert-danger show"
        role="alert"
        style="display: none;"
      >
        No hero with 
        <b />
      </div>
    </div>
  </div>
</div>
`;
